../Drivers/CMSIS/Include/core_cm4.h:1816:22:__NVIC_SetPriority	16	static
../Drivers/CMSIS/Include/core_cm4.h:2022:26:SysTick_Config	16	static
../Core/Src/main.c:85:10:ADC_Read	8	static
../Core/Src/main.c:104:10:map	24	static
../Core/Src/main.c:113:7:PID_Control	16	static
../Core/Src/main.c:129:6:SysTick_Handler	8	static
../Core/Src/main.c:152:5:main	16	static
../Core/Src/main.c:213:6:SystemClock_Config	88	static
../Core/Src/main.c:259:13:MX_ADC1_Init	24	static
../Core/Src/main.c:311:13:MX_TIM2_Init	40	static
../Core/Src/main.c:360:13:MX_TIM3_Init	48	static
../Core/Src/main.c:418:13:MX_TIM4_Init	48	static
../Core/Src/main.c:467:13:MX_GPIO_Init	24	static
../Core/Src/main.c:485:6:HAL_TIM_IC_CaptureCallback	16	static
../Core/Src/main.c:506:6:Error_Handler	4	static,ignoring_inline_asm
