22:32:29 **** Incremental Build of configuration Debug for project pwm_ile_dc_motor_kontrol ****
make -j12 all 
arm-none-eabi-gcc "../Core/Src/main.c" -mcpu=cortex-m4 -std=gnu11 -g3 -DDEBUG -DUSE_HAL_DRIVER -DSTM32F407xx -c -I../Core/Inc -I../Drivers/STM32F4xx_HAL_Driver/Inc -I../Drivers/STM32F4xx_HAL_Driver/Inc/Legacy -I../Drivers/CMSIS/Device/ST/STM32F4xx/Include -I../Drivers/CMSIS/Include -O0 -ffunction-sections -fdata-sections -Wall -fstack-usage -MMD -MP -MF"Core/Src/main.d" -MT"Core/Src/main.o" --specs=nano.specs -mfpu=fpv4-sp-d16 -mfloat-abi=hard -mthumb -o "Core/Src/main.o"
arm-none-eabi-gcc -o "pwm_ile_dc_motor_kontrol.elf" @"objects.list"   -mcpu=cortex-m4 -T"D:\Emirimle_ILK_odevimizzz\pwm_ile_dc_motor_kontrol\STM32F407VGTX_FLASH.ld" --specs=nosys.specs -Wl,-Map="pwm_ile_dc_motor_kontrol.map" -Wl,--gc-sections -static --specs=nano.specs -mfpu=fpv4-sp-d16 -mfloat-abi=hard -mthumb -Wl,--start-group -lc -lm -Wl,--end-group
Finished building target: pwm_ile_dc_motor_kontrol.elf
 
arm-none-eabi-size   pwm_ile_dc_motor_kontrol.elf 
arm-none-eabi-objdump -h -S  pwm_ile_dc_motor_kontrol.elf  > "pwm_ile_dc_motor_kontrol.list"
   text	   data	    bss	    dec	    hex	filename
  14360	     24	   1808	  16192	   3f40	pwm_ile_dc_motor_kontrol.elf
Finished building: default.size.stdout
 
Finished building: pwm_ile_dc_motor_kontrol.list
 

22:32:30 Build Finished. 0 errors, 0 warnings. (took 972ms)

